root
 |-- ACOSH(1): double (nullable = true)


(top = 20)
+--------+
|ACOSH(1)|
+--------+
|0.0     |
+--------+
