root
 |-- array: array (nullable = true)
 |    |-- element: integer (containsNull = true)
 |-- state: integer (nullable = false)
 |-- aggregate: string (nullable = true)


(top = 20)
+---------+-----+---------+
|array    |state|aggregate|
+---------+-----+---------+
|[1, 2, 3]|0    |60       |
+---------+-----+---------+
