root
 |-- any(x): boolean (nullable = true)
 |-- any(x): boolean (nullable = true)


(top = 20)
+------+------+
|any(x)|any(x)|
+------+------+
|true  |true  |
+------+------+
