root
 |-- array_except(array(add_months(DATE '2023-03-10', 1), add_months(DATE '2023-03-10', 2), add_months(DATE '2023-03-10', 3)), array(add_months(DATE '2023-03-10', 2), add_months(DATE '2023-03-10', 3), add_months(DATE '2023-03-10', 4), add_months(DATE '2023-03-10', 5), add_months(DATE '2023-03-10', 6))): array (nullable = false)
 |    |-- element: date (containsNull = false)
 |-- array_except(array(add_months(DATE '2023-03-10', 1), add_months(DATE '2023-03-10', 2), add_months(DATE '2023-03-10', 3)), array(add_months(DATE '2023-03-10', 2), add_months(DATE '2023-03-10', 3), add_months(DATE '2023-03-10', 4), add_months(DATE '2023-03-10', 5), add_months(DATE '2023-03-10', 6))): array (nullable = false)
 |    |-- element: date (containsNull = false)


(top = 20)
+----------------------------------------------------------------------------------------------------------------------------------------------------------------------------------------------------------------------------------------------------------------------------------------------------------+----------------------------------------------------------------------------------------------------------------------------------------------------------------------------------------------------------------------------------------------------------------------------------------------------------+
|array_except(array(add_months(DATE '2023-03-10', 1), add_months(DATE '2023-03-10', 2), add_months(DATE '2023-03-10', 3)), array(add_months(DATE '2023-03-10', 2), add_months(DATE '2023-03-10', 3), add_months(DATE '2023-03-10', 4), add_months(DATE '2023-03-10', 5), add_months(DATE '2023-03-10', 6)))|array_except(array(add_months(DATE '2023-03-10', 1), add_months(DATE '2023-03-10', 2), add_months(DATE '2023-03-10', 3)), array(add_months(DATE '2023-03-10', 2), add_months(DATE '2023-03-10', 3), add_months(DATE '2023-03-10', 4), add_months(DATE '2023-03-10', 5), add_months(DATE '2023-03-10', 6)))|
+----------------------------------------------------------------------------------------------------------------------------------------------------------------------------------------------------------------------------------------------------------------------------------------------------------+----------------------------------------------------------------------------------------------------------------------------------------------------------------------------------------------------------------------------------------------------------------------------------------------------------+
|[2023-04-10]                                                                                                                                                                                                                                                                                              |[2023-04-10]                                                                                                                                                                                                                                                                                              |
+----------------------------------------------------------------------------------------------------------------------------------------------------------------------------------------------------------------------------------------------------------------------------------------------------------+----------------------------------------------------------------------------------------------------------------------------------------------------------------------------------------------------------------------------------------------------------------------------------------------------------+
