root
 |-- array_min(array(DATE '2022-01-02', DATE '2022-02-01', NULL, DATE '2022-02-12')): date (nullable = true)


(top = 20)
+-------------------------------------------------------------------------------+
|array_min(array(DATE '2022-01-02', DATE '2022-02-01', NULL, DATE '2022-02-12'))|
+-------------------------------------------------------------------------------+
|2022-01-02                                                                     |
+-------------------------------------------------------------------------------+
