root
 |-- arrays_overlap(array(1, 2, 3), array(4, 5, 6, NULL)): boolean (nullable = true)


(top = 20)
+----------------------------------------------------+
|arrays_overlap(array(1, 2, 3), array(4, 5, 6, NULL))|
+----------------------------------------------------+
|null                                                |
+----------------------------------------------------+
