root
 |-- ascii(222): integer (nullable = false)


(top = 20)
+----------+
|ascii(222)|
+----------+
|50        |
+----------+
