root
 |-- (NULL <=> NULL): boolean (nullable = false)


(top = 20)
+---------------+
|(NULL <=> NULL)|
+---------------+
|true           |
+---------------+
