root
 |-- 1: integer (nullable = false)
 |-- 1: string (nullable = false)
 |-- (CAST(1 AS STRING) = 1): boolean (nullable = false)


(top = 20)
+---+---+-----------------------+
|1  |1  |(CAST(1 AS STRING) = 1)|
+---+---+-----------------------+
|1  |1  |true                   |
+---+---+-----------------------+
