root
 |-- (2 > 1): boolean (nullable = false)
 |-- (2 > 1): boolean (nullable = false)
 |-- left literal: boolean (nullable = false)
 |-- right literal: boolean (nullable = false)


(top = 20)
+-------+-------+------------+-------------+
|(2 > 1)|(2 > 1)|left literal|right literal|
+-------+-------+------------+-------------+
|true   |true   |true        |true         |
+-------+-------+------------+-------------+
