root
 |-- (CAST(2 AS DOUBLE) > 1.1): boolean (nullable = false)
 |-- (CAST(2 AS DOUBLE) > 1.1): boolean (nullable = false)


(top = 20)
+-------------------------+-------------------------+
|(CAST(2 AS DOUBLE) > 1.1)|(CAST(2 AS DOUBLE) > 1.1)|
+-------------------------+-------------------------+
|true                     |true                     |
+-------------------------+-------------------------+
