root
 |-- array(1, 2): array (nullable = false)
 |    |-- element: integer (containsNull = false)
 |-- array(3, 4): array (nullable = false)
 |    |-- element: integer (containsNull = false)
 |-- arrays_zip(array(1, 2), array(3, 4)): array (nullable = false)
 |    |-- element: struct (containsNull = false)
 |    |    |-- 0: integer (nullable = true)
 |    |    |-- 1: integer (nullable = true)
 |-- arrays_zip(array(1, 2), array(3, 4), 0, 1).0: array (nullable = false)
 |    |-- element: integer (containsNull = true)
 |-- arrays_zip(array(1, 2), array(3, 4), 0, 1).1: array (nullable = false)
 |    |-- element: integer (containsNull = true)


(top = 20)
+-----------+-----------+------------------------------------+--------------------------------------------+--------------------------------------------+
|array(1, 2)|array(3, 4)|arrays_zip(array(1, 2), array(3, 4))|arrays_zip(array(1, 2), array(3, 4), 0, 1).0|arrays_zip(array(1, 2), array(3, 4), 0, 1).1|
+-----------+-----------+------------------------------------+--------------------------------------------+--------------------------------------------+
|[1, 2]     |[3, 4]     |[{1, 3}, {2, 4}]                    |[1, 2]                                      |[3, 4]                                      |
+-----------+-----------+------------------------------------+--------------------------------------------+--------------------------------------------+
