struct<test:array<array<integer>>,flatten(test):array<integer>>

(top = 20)
+-------------------+---------------+
|test               |flatten(test)  |
+-------------------+---------------+
|[[1, 2], [3, 4, 5]]|[1, 2, 3, 4, 5]|
+-------------------+---------------+
