struct<test:array<integer>,(NOT (shuffle(test) <=> test)):boolean>

(top = 20)
+---------------+------------------------------+
|test           |(NOT (shuffle(test) <=> test))|
+---------------+------------------------------+
|[1, 2, 3, 4, 5]|true                          |
+---------------+------------------------------+
