struct<a:array<integer>,b:array<integer>,array_except(a, b):array<integer>>

(top = 20)
+------------+------------+------------------+
|a           |b           |array_except(a, b)|
+------------+------------+------------------+
|[1, 2, 3, 4]|[3, 4, 5, 6]|[1, 2]            |
+------------+------------+------------------+
