struct<test:array<string>,array_join(test, :, f):string>

(top = 20)
+---------------------+----------------------+
|test                 |array_join(test, :, f)|
+---------------------+----------------------+
|[a, b, c, d, e, null]|a:b:c:d:e:f           |
+---------------------+----------------------+
