struct<test:array<integer>,array_position(test, 3):long,array_position(test, 6):long>

(top = 20)
+---------------+-----------------------+-----------------------+
|test           |array_position(test, 3)|array_position(test, 6)|
+---------------+-----------------------+-----------------------+
|[1, 2, 3, 4, 5]|3                      |0                      |
+---------------+-----------------------+-----------------------+
