root
 |-- col: integer (nullable = true)


(top = 20)
+---+
|col|
+---+
|1  |
|2  |
|3  |
|4  |
|5  |
+---+
