root
 |-- test: array (nullable = true)
 |    |-- element: integer (containsNull = true)
 |-- size(test): integer (nullable = false)


(top = 20)
+---------------+----------+
|test           |size(test)|
+---------------+----------+
|[1, 2, 3, 4, 5]|5         |
+---------------+----------+
