struct<DATE '2023-04-14':date,year(DATE '2023-04-14'):integer>

(top = 20)
+-----------------+-----------------------+
|DATE '2023-04-14'|year(DATE '2023-04-14')|
+-----------------+-----------------------+
|2023-04-14       |2023                   |
+-----------------+-----------------------+
