root
 |-- a: interval day to second (nullable = false)
 |-- b: interval day to second (nullable = false)
 |-- c: interval day to second (nullable = false)


(top = 20)
+-------------------------------------------+-------------------------------------------+-------------------------------------------+
|a                                          |b                                          |c                                          |
+-------------------------------------------+-------------------------------------------+-------------------------------------------+
|INTERVAL '14 22:01:02.999001' DAY TO SECOND|INTERVAL '14 22:01:02.999001' DAY TO SECOND|INTERVAL '14 22:01:02.999001' DAY TO SECOND|
+-------------------------------------------+-------------------------------------------+-------------------------------------------+
