+-----------------------------------+
|make_interval(0, 0, 0, 4, 3, 2, 14)|
+-----------------------------------+
|4 days 3 hours 2 minutes 14 seconds|
+-----------------------------------+
