root
 |-- a: map (nullable = true)
 |    |-- key: string
 |    |-- value: integer (valueContainsNull = true)
 |-- a[a]: integer (nullable = true)
 |-- a[z]: integer (nullable = true)


(top = 20)
+----------------------------------------+----+----+
|a                                       |a[a]|a[z]|
+----------------------------------------+----+----+
|{a -> 1, b -> 2, c -> 3, d -> 4, e -> 5}|1   |null|
+----------------------------------------+----+----+
