root
 |-- pos: integer (nullable = true)
 |-- key: string (nullable = true)
 |-- value: integer (nullable = true)
 |-- pos: integer (nullable = true)
 |-- key: string (nullable = true)
 |-- value: integer (nullable = true)


(top = 20)
+---+---+-----+---+---+-----+
|pos|key|value|pos|key|value|
+---+---+-----+---+---+-----+
|0  |1  |0    |0  |1  |0    |
|1  |2  |2    |1  |2  |2    |
|2  |3  |-1   |2  |3  |-1   |
+---+---+-----+---+---+-----+
