struct<map_from_arrays(sequence(1, 10, 1), array_repeat(a, 10)):map<integer,string>>

(top = 20)
+---------------------------------------------------------------------------------+
|map_from_arrays(sequence(1, 10, 1), array_repeat(a, 10))                         |
+---------------------------------------------------------------------------------+
|{1 -> a, 2 -> a, 3 -> a, 4 -> a, 5 -> a, 6 -> a, 7 -> a, 8 -> a, 9 -> a, 10 -> a}|
+---------------------------------------------------------------------------------+
