struct<map(1, a, 2, b, 3, c):map<integer,string>>

(top = 20)
+------------------------+
|map(1, a, 2, b, 3, c)   |
+------------------------+
|{1 -> a, 2 -> b, 3 -> c}|
+------------------------+
