root
 |-- test: map (nullable = true)
 |    |-- key: string
 |    |-- value: integer (valueContainsNull = true)
 |-- size(test): integer (nullable = false)


(top = 20)
+----------------------------------------+----------+
|test                                    |size(test)|
+----------------------------------------+----------+
|{a -> 1, b -> 2, c -> 3, d -> 4, e -> 5}|5         |
+----------------------------------------+----------+
