root
 |-- a: string (nullable = true)
 |-- sha1(encode(a, UTF-16)): string (nullable = true)
 |-- md5(encode(a, UTF-16)): string (nullable = true)
 |-- sha2(encode(a, UTF-16), 224): string (nullable = true)
 |-- sha2(encode(a, UTF-16), 256): string (nullable = true)
 |-- sha2(encode(a, UTF-16), 384): string (nullable = true)
 |-- sha2(encode(a, UTF-16), 512): string (nullable = true)
 |-- crc32(encode(a, UTF-16)): long (nullable = true)


(top = 20)
+-----+----------------------------------------+--------------------------------+--------------------------------------------------------+----------------------------------------------------------------+------------------------------------------------------------------------------------------------+--------------------------------------------------------------------------------------------------------------------------------+------------------------+
|a    |sha1(encode(a, UTF-16))                 |md5(encode(a, UTF-16))          |sha2(encode(a, UTF-16), 224)                            |sha2(encode(a, UTF-16), 256)                                    |sha2(encode(a, UTF-16), 384)                                                                    |sha2(encode(a, UTF-16), 512)                                                                                                    |crc32(encode(a, UTF-16))|
+-----+----------------------------------------+--------------------------------+--------------------------------------------------------+----------------------------------------------------------------+------------------------------------------------------------------------------------------------+--------------------------------------------------------------------------------------------------------------------------------+------------------------+
|Bill |5e2452efbc0e7f9af95014ad0749d58aaa2d7e42|fbb69eb9dc4368941124f141e8d0f6e4|76f79dc0e299cd3c20eb71dfaf0ca65feeee4c01b1ac8691f0f73576|f28402ffeb662bf657e57a9a5fc025a6d52bf8e0e1e2d5147709360368d3996a|83109f853280da9c4ce85aeb8fb9f15a2e326fbc244eeb05ba6a489c6be2c28a2ab72558cb8b7bff69af87e83da7d8c0|ec09274230391b166be42aced74c07eca9056682d11626bcc7c5a8e9467794ee8baf4192a677dee8df1aa67210a3bf03bef2302697528cfa615ed6e79482a43c|3862935116              |
|Jill |f5b11a8df74169d8e17b1fedfa2ea34fce17966b|01de4a20227214613fefde97b998d515|bb6f2cf6e42694d3dd5aa0b7cdf6a57beb208e4ae7e358c473927777|9885499193ea34423111480aedd417c8cc7bad9f4039808d4917b246bf69460d|d0c83bc96b73dd2e5d1b0e65cf806a8ea7927f4fcfbfcfd71c2bb098af2a8ba2f462071996943197fcf96c183216cdc7|4ffd66e6f1af56c0ceed802906e9c99dcd6b1f117155461a394f54e04e8d974d4a1e1a454a3c59342b7feaf102e88d7d66d390c31a95b7c2e7b631de459e5530|3587242027              |
|Tom  |bdf3710702a2ebca64857e06ebc946965e291d93|10775617e6a0adf72875239677118ac5|ed0736c9fab83d1808ae5255dd1f0b2e1c8cd7f23096ee925a8b19e8|7e5b8a4b57303a75670b3417a6d55f58fec660aec111f179fb2ecaf8ef2bb8e6|86b58a3fb5716bd64ebabe00445801c70a986550e57cb0468971d503fa7027c3bf5109af45a7b1f24354801919d669e4|76729a0850cd63418d3faf58fc67f54a878a95f1058c3f86d78ed4f2c7f6bcd5c29db70a34bd3efa8879efd1724a31b736ba29cd2e4398429c87fbed325993ae|2699979730              |
|Fred |f9e0ceaf6ff7384a14865f3681cf02ac41032b04|9442e4723bc8f808e7017d5c4afbf384|a104b9b717880b5d633a12b935acda99679ebe6046dba784a4d1bc51|02464e8c8b4b87f9d7cfd59a5c145871e522e670aa69d9adc68180fa89545d12|13fb9f9931662e974bfec28327dbc58de64f54a7ea83315dfd6bae1dc2d70efe356bd9dcf8bbcb658fcdeda903b67bb7|6ae9ab60602ec263117bfffe99dd210f4bc79243893ded36897beeea81ce9d4ed204ead06c9a638d4abdab6e740bf106394b4cad88018a8fb0cd2a1c2df40e19|71993201                |
|James|7892a0bf2174af0b71377d6fd42cc625d0f7bb46|7ed31528b4edf7296a5cdbf10c6af665|1b0e466facffe92c690f23a4e2725549071c1e2ca5db91f86f3e5006|1ce1643302f1ecc53353a11bc7d962b79b4c3b589cab40f8120321333fc05de6|7b2ca5d686c711c1b32f338f079eabcbeeef5d584b2238056e020c79e0f47b9095776014fcba44012e7f42d7e6b4ed59|ac5470569c4358340ef35cc77f27026d8f71aba12578aab8c4f1342aa5dac08dfa823204d4d06f04b6ba8c705fa1d3494e7d4fc66474b5902d861fcbab31b7e3|1285373110              |
+-----+----------------------------------------+--------------------------------+--------------------------------------------------------+----------------------------------------------------------------+------------------------------------------------------------------------------------------------+--------------------------------------------------------------------------------------------------------------------------------+------------------------+
