== Parsed Logical Plan ==
GlobalLimit 1
+- LocalLimit 1
   +- Relation[A,B,C] json

== Analyzed Logical Plan ==
A: string, B: int, C: date
GlobalLimit 1
+- LocalLimit 1
   +- Relation[A,B,C] json

== Optimized Logical Plan ==
GlobalLimit 1
+- LocalLimit 1
   +- InMemoryRelation [A, B, C], StorageLevel(disk, memory, deserialized, 1 replicas)
         +- FileScan json [A,B,C] Batched: false, DataFilters: [], Format: JSON, Location: InMemoryFileIndex[file:/{ProjectDirectory}..., PartitionFilters: [], PushedFilters: [], ReadSchema: struct<A:string,B:int,C:date>

== Physical Plan ==
CollectLimit 1
+- InMemoryTableScan [A, B, C]
      +- InMemoryRelation [A, B, C], StorageLevel(disk, memory, deserialized, 1 replicas)
            +- FileScan json [A,B,C] Batched: false, DataFilters: [], Format: JSON, Location: InMemoryFileIndex[file:/{ProjectDirectory}..., PartitionFilters: [], PushedFilters: [], ReadSchema: struct<A:string,B:int,C:date>

struct<A:string,B:integer,C:date>

(top = 20)
+---+---+----------+
|A  |B  |C         |
+---+---+----------+
|1  |1  |0001-01-01|
+---+---+----------+
