== Parsed Logical Plan ==
'Sort ['A DESC NULLS LAST, 'B ASC NULLS FIRST], true
+- Relation [A,B,C] json

== Analyzed Logical Plan ==
A: string, B: int, C: date
Sort [A DESC NULLS LAST, B ASC NULLS FIRST], true
+- Relation [A,B,C] json

== Optimized Logical Plan ==
Sort [A DESC NULLS LAST, B ASC NULLS FIRST], true
+- InMemoryRelation [A, B, C], StorageLevel(disk, memory, deserialized, 1 replicas)

== Physical Plan ==
AdaptiveSparkPlan isFinalPlan=false
+- Sort [A DESC NULLS LAST, B ASC NULLS FIRST], true, 0
   +- Exchange rangepartitioning(A DESC NULLS LAST, B ASC NULLS FIRST, 1), ENSURE_REQUIREMENTS, [id=]
      +- InMemoryTableScan [A, B, C]
            +- InMemoryRelation [A, B, C], StorageLevel(disk, memory, deserialized, 1 replicas)

struct<A:string,B:integer,C:date>

(top = 20)
+---+---+----------+
|A  |B  |C         |
+---+---+----------+
|2  |2  |9999-12-31|
|2  |3  |9999-12-31|
|1  |1  |0001-01-01|
+---+---+----------+
